---
source: sagitta-integration-tests/tests/test.rs
expression: out7
---
Output {
    status: ExitStatus(
        unix_wait_status(
            0,
        ),
    ),
    stdout: "Hello, copy on write! (truncate)\n",
    stderr: "",
}
