---
source: sagitta/tests/test.rs
expression: blob
---
"Hello, world!\n"
