---
source: sagitta-remote-system-db/tests/test_sqlite.rs
expression: res4
---
GetWorkspacesResponse {
    workspaces: [],
}
