---
source: sagitta-remote-system-db/tests/test_sqlite.rs
expression: res2
---
GetOrCreateFilePathResponse {
    file_path_id: "5BsQjs0o5VdemnYgiIXkqWYvUcYaoR7xh5dJeTQ6mFCrgdiyhaG8i25tNIrVAV0e",
    parent: Some(
        "DI3fdZ768SqMc7xa2aD9FOoECzKXp9naD3g6ME01IxcTQH0vqDtL3uc9yA8SxL9s",
    ),
}
