---
source: sagitta-remote-system-db/tests/test_sqlite.rs
expression: res10
---
GetCommitHistoryResponse {
    items: [
        GetCommitHistoryResponseItem {
            commit_id: "xZ9lgebH2BJMhtIyJpu50bvRHnL9RQuWsMFDEYNL5vzqdMLmsZ5A4fUwCeMo-zle",
            commit_rank: 3,
            created_at: SystemTime {
                tv_sec: 1261440000,
                tv_nsec: 0,
            },
        },
        GetCommitHistoryResponseItem {
            commit_id: "uJgSFTeGQ4XjS0aLMU5AysQHB4o3ZTqEBbvQDdQVsSXnXKsnBtLboFXm1LLlEYlE",
            commit_rank: 2,
            created_at: SystemTime {
                tv_sec: 1261440000,
                tv_nsec: 0,
            },
        },
        GetCommitHistoryResponseItem {
            commit_id: "t0Y488NXhM8d2Qn8-K3G862-VGVgPd10sXw7bymwDt3dh2_ttDEcVJ8fXHlW7PGu",
            commit_rank: 1,
            created_at: SystemTime {
                tv_sec: 1261440000,
                tv_nsec: 0,
            },
        },
        GetCommitHistoryResponseItem {
            commit_id: "CnDOE6ijtGMkqxcGIFQpOM5Q6T-uhf2nN3eIomooFdcs81ku7i_JYBcA8-9r6cSE",
            commit_rank: 0,
            created_at: SystemTime {
                tv_sec: 1261440000,
                tv_nsec: 0,
            },
        },
    ],
}
