---
source: sagitta-remote-system-db/tests/test_sqlite.rs
expression: res1
---
CreateWorkspaceResponse {
    workspace_id: "CnDOE6ijtGMkqxcGIFQpOM5Q6T-uhf2nN3eIomooFdcs81ku7i_JYBcA8-9r6cSE",
}
