---
source: sagitta-remote-system-db/tests/test_sqlite.rs
expression: res9_dir_files_3
---
NotFound
