---
source: sagitta-remote-system-db/tests/test_sqlite.rs
expression: res4
---
CreateWorkspaceResponse {
    workspace_id: "ee_GY9GiozyCXkDCMB8uBI0qkdz-31tNxMz72K-h_huE6-64w-YxMKq8iidknfVp",
}
