---
source: sagitta-remote-system-db/tests/test_sqlite.rs
expression: res8_dir_files_1d
---
Found {
    items: [
        ReadDirResponseItem {
            file_path: "bar",
            file_name: "bar",
            file_type: Dir,
            deleted_at: Some(
                SystemTime {
                    tv_sec: 1261440000,
                    tv_nsec: 0,
                },
            ),
        },
        ReadDirResponseItem {
            file_path: "foo",
            file_name: "foo",
            file_type: Dir,
            deleted_at: None,
        },
    ],
}
