---
source: sagitta-remote-system-db/tests/test_sqlite.rs
expression: res1
---
CreateWorkspaceResponse {
    workspace_id: "tRRvfcIN3okMatN3CUgPeQIwEGyX5ciIqlNdiZIqNTFWsLOwpAfOsrjtjBd9Zi6U",
}
