---
source: sagitta-remote-system-db/tests/test_sqlite.rs
expression: res2_attr4
---
NotFound
