---
source: sagitta-remote-system-db/tests/test_sqlite.rs
expression: res3_attr4
---
NotFound
