---
source: sagitta-remote-system-db/tests/test_sqlite.rs
expression: res1
---
GetOrCreateFilePathResponse {
    file_path_id: "jw-czHAStEMLXbUqvBIb1tuk34MtlDjhxacVO-sG7rLa9XMvDfyayf51czUgud8N",
    parent: Some(
        "5BsQjs0o5VdemnYgiIXkqWYvUcYaoR7xh5dJeTQ6mFCrgdiyhaG8i25tNIrVAV0e",
    ),
}
